[2026-09-30T06:27:45.916Z] [log] %c Console Ninja extension is connected to Next.js browser, background: rgb(30,30,30); color: rgb(255,213,92) see https://tinyurl.com/2vt8jxzw for more info.
[2026-09-30T06:27:45.942Z] [info] %cDownload the React DevTools for a better development experience: https://react.dev/link/react-devtools font-weight:bold
[2026-09-30T06:27:46.003Z] [log] [HMR] connected
[2026-09-30T06:27:46.021Z] [log] %c%s%c [34mprisma:query[39m background: #e6e6e6;background: light-dark(rgba(0,0,0,0.1), rgba(255,255,255,0.25));color: #000000;color: light-dark(#000000, #ffffff);border-radius: 2px  Server   SELECT "public"."PricingSettings"."id", "public"."PricingSettings"."price", "public"."PricingSettings"."currency", "public"."PricingSettings"."accountHolder", "public"."PricingSettings"."accountNumber", "public"."PricingSettings"."bankName", "public"."PricingSettings"."transferInstructions", "public"."PricingSettings"."createdAt", "public"."PricingSettings"."updatedAt" FROM "public"."PricingSettings" WHERE ("public"."PricingSettings"."id" = $1 AND 1=1) LIMIT $2 OFFSET $3
[2026-09-30T06:31:00.388Z] [log] %c Console Ninja extension is connected to Next.js browser, background: rgb(30,30,30); color: rgb(255,213,92) see https://tinyurl.com/2vt8jxzw for more info.
[2026-09-30T06:31:00.434Z] [info] %cDownload the React DevTools for a better development experience: https://react.dev/link/react-devtools font-weight:bold
[2026-09-30T06:31:00.533Z] [log] [HMR] connected
[2026-09-30T06:31:00.571Z] [log] %c%s%c [34mprisma:query[39m background: #e6e6e6;background: light-dark(rgba(0,0,0,0.1), rgba(255,255,255,0.25));color: #000000;color: light-dark(#000000, #ffffff);border-radius: 2px  Server   SELECT "public"."PricingSettings"."id", "public"."PricingSettings"."price", "public"."PricingSettings"."currency", "public"."PricingSettings"."accountHolder", "public"."PricingSettings"."accountNumber", "public"."PricingSettings"."bankName", "public"."PricingSettings"."transferInstructions", "public"."PricingSettings"."createdAt", "public"."PricingSettings"."updatedAt" FROM "public"."PricingSettings" WHERE ("public"."PricingSettings"."id" = $1 AND 1=1) LIMIT $2 OFFSET $3
[2026-09-30T06:31:13.724Z] [log] [Fast Refresh] rebuilding
[2026-09-30T06:31:13.724Z] [log] [Fast Refresh] rebuilding
[2026-09-30T06:31:14.084Z] [log] [Fast Refresh] done in 468ms
[2026-09-30T06:31:14.084Z] [log] [Fast Refresh] done in 468ms
[2026-09-30T06:33:17.313Z] [startGroup] %c[impeccable] 13 anti-patterns found color: oklch(84% 0.19 80.46); font-weight: bold
[2026-09-30T06:33:17.322Z] [log] %clow-contrast%c 4.3:1 (need 4.5:1) — text #737373 on #f5f5f5 color: oklch(84% 0.19 80.46); font-weight: bold color: inherit JSHandle@node
[2026-09-30T06:33:17.325Z] [log] %clow-contrast%c 4.3:1 (need 4.5:1) — text #737373 on #f5f5f5 color: oklch(84% 0.19 80.46); font-weight: bold color: inherit JSHandle@node
[2026-09-30T06:33:17.325Z] [log] %cline-length%c ~128 chars/line (aim for <80) color: oklch(84% 0.19 80.46); font-weight: bold color: inherit JSHandle@node
[2026-09-30T06:33:17.325Z] [log] %cline-length%c ~110 chars/line (aim for <80) color: oklch(84% 0.19 80.46); font-weight: bold color: inherit JSHandle@node
[2026-09-30T06:33:17.325Z] [log] %cline-length%c ~110 chars/line (aim for <80) color: oklch(84% 0.19 80.46); font-weight: bold color: inherit JSHandle@node
[2026-09-30T06:33:17.325Z] [log] %cline-length%c ~110 chars/line (aim for <80) color: oklch(84% 0.19 80.46); font-weight: bold color: inherit JSHandle@node
[2026-09-30T06:33:17.326Z] [log] %cline-length%c ~110 chars/line (aim for <80) color: oklch(84% 0.19 80.46); font-weight: bold color: inherit JSHandle@node
[2026-09-30T06:33:17.326Z] [log] %cem-dash-overuse%c 11 em-dashes in body text color: oklch(84% 0.19 80.46); font-weight: bold color: inherit JSHandle@node
[2026-09-30T06:33:17.326Z] [log] %clayout-transition%c transition: height color: oklch(84% 0.19 80.46); font-weight: bold color: inherit JSHandle@node
[2026-09-30T06:33:17.326Z] [log] %cnested-cards%c Card inside card color: oklch(84% 0.19 80.46); font-weight: bold color: inherit JSHandle@node
[2026-09-30T06:33:17.326Z] [log] %cnested-cards%c Card inside card color: oklch(84% 0.19 80.46); font-weight: bold color: inherit JSHandle@node
[2026-09-30T06:33:17.326Z] [log] %cnested-cards%c Card inside card color: oklch(84% 0.19 80.46); font-weight: bold color: inherit JSHandle@node
[2026-09-30T06:33:17.326Z] [log] %cnested-cards%c Card inside card color: oklch(84% 0.19 80.46); font-weight: bold color: inherit JSHandle@node
[2026-09-30T06:33:17.326Z] [log] %cnested-cards%c Card inside card color: oklch(84% 0.19 80.46); font-weight: bold color: inherit JSHandle@node
[2026-09-30T06:33:17.326Z] [endGroup] console.groupEnd
[2026-09-30T06:34:48.941Z] [log] [Fast Refresh] rebuilding
[2026-09-30T06:34:48.941Z] [log] [Fast Refresh] rebuilding
[2026-09-30T06:34:49.549Z] [log] [Fast Refresh] done in 716ms
[2026-09-30T06:34:49.549Z] [log] [Fast Refresh] done in 716ms
[2026-09-30T06:39:12.303Z] [log] [Fast Refresh] rebuilding
[2026-09-30T06:39:12.303Z] [log] [Fast Refresh] rebuilding
[2026-09-30T06:39:12.335Z] [log] [Fast Refresh] done in 141ms
[2026-09-30T06:39:12.335Z] [log] [Fast Refresh] done in 141ms
[2026-09-30T06:51:17.195Z] [log] [Fast Refresh] rebuilding
[2026-09-30T06:51:17.195Z] [log] [Fast Refresh] rebuilding
[2026-09-30T06:51:17.856Z] [log] [Fast Refresh] done in 741ms
[2026-09-30T06:51:17.858Z] [log] [Fast Refresh] done in 741ms
[2026-09-30T06:51:22.918Z] [log] %c%s%c [34mprisma:query[39m background: #e6e6e6;background: light-dark(rgba(0,0,0,0.1), rgba(255,255,255,0.25));color: #000000;color: light-dark(#000000, #ffffff);border-radius: 2px  Server   SELECT "public"."PricingSettings"."id", "public"."PricingSettings"."price", "public"."PricingSettings"."currency", "public"."PricingSettings"."accountHolder", "public"."PricingSettings"."accountNumber", "public"."PricingSettings"."bankName", "public"."PricingSettings"."transferInstructions", "public"."PricingSettings"."createdAt", "public"."PricingSettings"."updatedAt" FROM "public"."PricingSettings" WHERE ("public"."PricingSettings"."id" = $1 AND 1=1) LIMIT $2 OFFSET $3
[2026-09-30T06:51:26.215Z] [log] %c%s%c [34mprisma:query[39m background: #e6e6e6;background: light-dark(rgba(0,0,0,0.1), rgba(255,255,255,0.25));color: #000000;color: light-dark(#000000, #ffffff);border-radius: 2px  Server   SELECT "public"."PricingSettings"."id", "public"."PricingSettings"."price", "public"."PricingSettings"."currency", "public"."PricingSettings"."accountHolder", "public"."PricingSettings"."accountNumber", "public"."PricingSettings"."bankName", "public"."PricingSettings"."transferInstructions", "public"."PricingSettings"."createdAt", "public"."PricingSettings"."updatedAt" FROM "public"."PricingSettings" WHERE ("public"."PricingSettings"."id" = $1 AND 1=1) LIMIT $2 OFFSET $3
[2026-09-30T06:51:28.396Z] [log] [Fast Refresh] rebuilding
[2026-09-30T06:51:28.396Z] [log] [Fast Refresh] rebuilding
[2026-09-30T06:51:28.530Z] [log] [Fast Refresh] done in 102ms
[2026-09-30T06:51:28.530Z] [log] [Fast Refresh] done in 101ms
[2026-09-30T06:51:28.669Z] [log] [Fast Refresh] done in 102ms
[2026-09-30T06:51:28.669Z] [log] [Fast Refresh] done in 101ms
[2026-09-30T06:51:29.024Z] [log] %c%s%c [34mprisma:query[39m background: #e6e6e6;background: light-dark(rgba(0,0,0,0.1), rgba(255,255,255,0.25));color: #000000;color: light-dark(#000000, #ffffff);border-radius: 2px  Server   SELECT "public"."PricingSettings"."id", "public"."PricingSettings"."price", "public"."PricingSettings"."currency", "public"."PricingSettings"."accountHolder", "public"."PricingSettings"."accountNumber", "public"."PricingSettings"."bankName", "public"."PricingSettings"."transferInstructions", "public"."PricingSettings"."createdAt", "public"."PricingSettings"."updatedAt" FROM "public"."PricingSettings" WHERE ("public"."PricingSettings"."id" = $1 AND 1=1) LIMIT $2 OFFSET $3
[2026-09-30T06:51:29.081Z] [log] %c%s%c [34mprisma:query[39m background: #e6e6e6;background: light-dark(rgba(0,0,0,0.1), rgba(255,255,255,0.25));color: #000000;color: light-dark(#000000, #ffffff);border-radius: 2px  Server   SELECT "public"."PricingSettings"."id", "public"."PricingSettings"."price", "public"."PricingSettings"."currency", "public"."PricingSettings"."accountHolder", "public"."PricingSettings"."accountNumber", "public"."PricingSettings"."bankName", "public"."PricingSettings"."transferInstructions", "public"."PricingSettings"."createdAt", "public"."PricingSettings"."updatedAt" FROM "public"."PricingSettings" WHERE ("public"."PricingSettings"."id" = $1 AND 1=1) LIMIT $2 OFFSET $3
[2026-09-30T06:51:29.266Z] [log] [Fast Refresh] rebuilding
[2026-09-30T06:51:29.266Z] [log] [Fast Refresh] rebuilding
[2026-09-30T06:51:29.292Z] [log] [Fast Refresh] done in 27ms
[2026-09-30T06:51:29.292Z] [log] [Fast Refresh] done in 27ms
[2026-09-30T06:51:29.417Z] [log] [Fast Refresh] done in 27ms
[2026-09-30T06:51:29.417Z] [log] [Fast Refresh] done in 27ms
[2026-09-30T06:51:29.418Z] [log] [Fast Refresh] done in 27ms
[2026-09-30T06:51:29.418Z] [log] [Fast Refresh] done in 27ms
[2026-09-30T06:51:29.828Z] [log] [Fast Refresh] rebuilding
[2026-09-30T06:51:29.828Z] [log] [Fast Refresh] rebuilding
[2026-09-30T06:51:29.831Z] [log] [Fast Refresh] done in 31ms
[2026-09-30T06:51:29.831Z] [log] [Fast Refresh] done in 31ms
[2026-09-30T06:51:29.891Z] [log] %c%s%c [34mprisma:query[39m background: #e6e6e6;background: light-dark(rgba(0,0,0,0.1), rgba(255,255,255,0.25));color: #000000;color: light-dark(#000000, #ffffff);border-radius: 2px  Server   SELECT "public"."PricingSettings"."id", "public"."PricingSettings"."price", "public"."PricingSettings"."currency", "public"."PricingSettings"."accountHolder", "public"."PricingSettings"."accountNumber", "public"."PricingSettings"."bankName", "public"."PricingSettings"."transferInstructions", "public"."PricingSettings"."createdAt", "public"."PricingSettings"."updatedAt" FROM "public"."PricingSettings" WHERE ("public"."PricingSettings"."id" = $1 AND 1=1) LIMIT $2 OFFSET $3
[2026-09-30T06:51:30.032Z] [log] [Fast Refresh] done in 31ms
[2026-09-30T06:51:30.032Z] [log] [Fast Refresh] done in 31ms
[2026-09-30T06:51:30.104Z] [log] [Fast Refresh] done in 31ms
[2026-09-30T06:51:30.104Z] [log] [Fast Refresh] done in 31ms
[2026-09-30T06:51:30.221Z] [log] %c%s%c [34mprisma:query[39m background: #e6e6e6;background: light-dark(rgba(0,0,0,0.1), rgba(255,255,255,0.25));color: #000000;color: light-dark(#000000, #ffffff);border-radius: 2px  Server   SELECT "public"."PricingSettings"."id", "public"."PricingSettings"."price", "public"."PricingSettings"."currency", "public"."PricingSettings"."accountHolder", "public"."PricingSettings"."accountNumber", "public"."PricingSettings"."bankName", "public"."PricingSettings"."transferInstructions", "public"."PricingSettings"."createdAt", "public"."PricingSettings"."updatedAt" FROM "public"."PricingSettings" WHERE ("public"."PricingSettings"."id" = $1 AND 1=1) LIMIT $2 OFFSET $3
[2026-09-30T06:51:30.332Z] [log] %c%s%c [34mprisma:query[39m background: #e6e6e6;background: light-dark(rgba(0,0,0,0.1), rgba(255,255,255,0.25));color: #000000;color: light-dark(#000000, #ffffff);border-radius: 2px  Server   SELECT "public"."PricingSettings"."id", "public"."PricingSettings"."price", "public"."PricingSettings"."currency", "public"."PricingSettings"."accountHolder", "public"."PricingSettings"."accountNumber", "public"."PricingSettings"."bankName", "public"."PricingSettings"."transferInstructions", "public"."PricingSettings"."createdAt", "public"."PricingSettings"."updatedAt" FROM "public"."PricingSettings" WHERE ("public"."PricingSettings"."id" = $1 AND 1=1) LIMIT $2 OFFSET $3
[2026-09-30T06:51:30.417Z] [log] [Fast Refresh] rebuilding
[2026-09-30T06:51:30.417Z] [log] [Fast Refresh] rebuilding
[2026-09-30T06:51:30.465Z] [log] [Fast Refresh] done in 116ms
[2026-09-30T06:51:30.465Z] [log] [Fast Refresh] done in 121ms
[2026-09-30T06:51:30.677Z] [log] [Fast Refresh] done in 121ms
[2026-09-30T06:51:30.677Z] [log] [Fast Refresh] done in 116ms
[2026-09-30T06:51:31.046Z] [log] %c%s%c [34mprisma:query[39m background: #e6e6e6;background: light-dark(rgba(0,0,0,0.1), rgba(255,255,255,0.25));color: #000000;color: light-dark(#000000, #ffffff);border-radius: 2px  Server   SELECT "public"."PricingSettings"."id", "public"."PricingSettings"."price", "public"."PricingSettings"."currency", "public"."PricingSettings"."accountHolder", "public"."PricingSettings"."accountNumber", "public"."PricingSettings"."bankName", "public"."PricingSettings"."transferInstructions", "public"."PricingSettings"."createdAt", "public"."PricingSettings"."updatedAt" FROM "public"."PricingSettings" WHERE ("public"."PricingSettings"."id" = $1 AND 1=1) LIMIT $2 OFFSET $3
[2026-09-30T06:51:31.054Z] [log] [Fast Refresh] done in 121ms
[2026-09-30T06:51:31.054Z] [log] [Fast Refresh] done in 116ms
[2026-09-30T06:51:31.450Z] [log] %c%s%c [34mprisma:query[39m background: #e6e6e6;background: light-dark(rgba(0,0,0,0.1), rgba(255,255,255,0.25));color: #000000;color: light-dark(#000000, #ffffff);border-radius: 2px  Server   SELECT "public"."PricingSettings"."id", "public"."PricingSettings"."price", "public"."PricingSettings"."currency", "public"."PricingSettings"."accountHolder", "public"."PricingSettings"."accountNumber", "public"."PricingSettings"."bankName", "public"."PricingSettings"."transferInstructions", "public"."PricingSettings"."createdAt", "public"."PricingSettings"."updatedAt" FROM "public"."PricingSettings" WHERE ("public"."PricingSettings"."id" = $1 AND 1=1) LIMIT $2 OFFSET $3
[2026-09-30T06:51:31.907Z] [log] [Fast Refresh] done in 121ms
[2026-09-30T06:51:31.907Z] [log] [Fast Refresh] done in 116ms
[2026-09-30T06:51:33.251Z] [log] %c%s%c [34mprisma:query[39m background: #e6e6e6;background: light-dark(rgba(0,0,0,0.1), rgba(255,255,255,0.25));color: #000000;color: light-dark(#000000, #ffffff);border-radius: 2px  Server   SELECT "public"."PricingSettings"."id", "public"."PricingSettings"."price", "public"."PricingSettings"."currency", "public"."PricingSettings"."accountHolder", "public"."PricingSettings"."accountNumber", "public"."PricingSettings"."bankName", "public"."PricingSettings"."transferInstructions", "public"."PricingSettings"."createdAt", "public"."PricingSettings"."updatedAt" FROM "public"."PricingSettings" WHERE ("public"."PricingSettings"."id" = $1 AND 1=1) LIMIT $2 OFFSET $3
[2026-09-30T06:51:38.599Z] [log] [Fast Refresh] rebuilding
[2026-09-30T06:51:38.599Z] [log] [Fast Refresh] rebuilding
[2026-09-30T06:51:38.803Z] [log] [Fast Refresh] done in 195ms
[2026-09-30T06:51:38.804Z] [log] [Fast Refresh] done in 195ms
[2026-09-30T06:51:38.944Z] [log] [Fast Refresh] done in 195ms
[2026-09-30T06:51:38.944Z] [log] [Fast Refresh] done in 195ms
[2026-09-30T06:51:39.125Z] [log] %c%s%c [34mprisma:query[39m background: #e6e6e6;background: light-dark(rgba(0,0,0,0.1), rgba(255,255,255,0.25));color: #000000;color: light-dark(#000000, #ffffff);border-radius: 2px  Server   SELECT "public"."PricingSettings"."id", "public"."PricingSettings"."price", "public"."PricingSettings"."currency", "public"."PricingSettings"."accountHolder", "public"."PricingSettings"."accountNumber", "public"."PricingSettings"."bankName", "public"."PricingSettings"."transferInstructions", "public"."PricingSettings"."createdAt", "public"."PricingSettings"."updatedAt" FROM "public"."PricingSettings" WHERE ("public"."PricingSettings"."id" = $1 AND 1=1) LIMIT $2 OFFSET $3
[2026-09-30T06:51:39.309Z] [log] %c%s%c [34mprisma:query[39m background: #e6e6e6;background: light-dark(rgba(0,0,0,0.1), rgba(255,255,255,0.25));color: #000000;color: light-dark(#000000, #ffffff);border-radius: 2px  Server   SELECT "public"."PricingSettings"."id", "public"."PricingSettings"."price", "public"."PricingSettings"."currency", "public"."PricingSettings"."accountHolder", "public"."PricingSettings"."accountNumber", "public"."PricingSettings"."bankName", "public"."PricingSettings"."transferInstructions", "public"."PricingSettings"."createdAt", "public"."PricingSettings"."updatedAt" FROM "public"."PricingSettings" WHERE ("public"."PricingSettings"."id" = $1 AND 1=1) LIMIT $2 OFFSET $3
[2026-09-30T06:51:40.527Z] [log] [Fast Refresh] rebuilding
[2026-09-30T06:51:40.527Z] [log] [Fast Refresh] rebuilding
[2026-09-30T06:51:40.615Z] [log] [Fast Refresh] done in 103ms
[2026-09-30T06:51:40.615Z] [log] [Fast Refresh] done in 103ms
[2026-09-30T06:51:40.679Z] [log] [Fast Refresh] done in 103ms
[2026-09-30T06:51:40.679Z] [log] [Fast Refresh] done in 103ms
[2026-09-30T06:51:40.950Z] [log] %c%s%c [34mprisma:query[39m background: #e6e6e6;background: light-dark(rgba(0,0,0,0.1), rgba(255,255,255,0.25));color: #000000;color: light-dark(#000000, #ffffff);border-radius: 2px  Server   SELECT "public"."PricingSettings"."id", "public"."PricingSettings"."price", "public"."PricingSettings"."currency", "public"."PricingSettings"."accountHolder", "public"."PricingSettings"."accountNumber", "public"."PricingSettings"."bankName", "public"."PricingSettings"."transferInstructions", "public"."PricingSettings"."createdAt", "public"."PricingSettings"."updatedAt" FROM "public"."PricingSettings" WHERE ("public"."PricingSettings"."id" = $1 AND 1=1) LIMIT $2 OFFSET $3
[2026-09-30T06:51:41.013Z] [log] %c%s%c [34mprisma:query[39m background: #e6e6e6;background: light-dark(rgba(0,0,0,0.1), rgba(255,255,255,0.25));color: #000000;color: light-dark(#000000, #ffffff);border-radius: 2px  Server   SELECT "public"."PricingSettings"."id", "public"."PricingSettings"."price", "public"."PricingSettings"."currency", "public"."PricingSettings"."accountHolder", "public"."PricingSettings"."accountNumber", "public"."PricingSettings"."bankName", "public"."PricingSettings"."transferInstructions", "public"."PricingSettings"."createdAt", "public"."PricingSettings"."updatedAt" FROM "public"."PricingSettings" WHERE ("public"."PricingSettings"."id" = $1 AND 1=1) LIMIT $2 OFFSET $3
[2026-09-30T06:51:41.049Z] [log] [Fast Refresh] rebuilding
[2026-09-30T06:51:41.054Z] [log] [Fast Refresh] rebuilding
[2026-09-30T06:51:41.229Z] [log] [Fast Refresh] done in 265ms
[2026-09-30T06:51:41.229Z] [log] [Fast Refresh] done in 267ms
[2026-09-30T06:51:41.399Z] [log] [Fast Refresh] done in 265ms
[2026-09-30T06:51:41.399Z] [log] [Fast Refresh] done in 267ms
[2026-09-30T06:51:41.517Z] [log] [Fast Refresh] done in 265ms
[2026-09-30T06:51:41.517Z] [log] [Fast Refresh] done in 267ms
[2026-09-30T06:51:41.664Z] [log] %c%s%c [34mprisma:query[39m background: #e6e6e6;background: light-dark(rgba(0,0,0,0.1), rgba(255,255,255,0.25));color: #000000;color: light-dark(#000000, #ffffff);border-radius: 2px  Server   SELECT "public"."PricingSettings"."id", "public"."PricingSettings"."price", "public"."PricingSettings"."currency", "public"."PricingSettings"."accountHolder", "public"."PricingSettings"."accountNumber", "public"."PricingSettings"."bankName", "public"."PricingSettings"."transferInstructions", "public"."PricingSettings"."createdAt", "public"."PricingSettings"."updatedAt" FROM "public"."PricingSettings" WHERE ("public"."PricingSettings"."id" = $1 AND 1=1) LIMIT $2 OFFSET $3
[2026-09-30T06:51:41.703Z] [log] [Fast Refresh] rebuilding
[2026-09-30T06:51:41.704Z] [log] [Fast Refresh] rebuilding
[2026-09-30T06:51:41.775Z] [log] [Fast Refresh] done in 81ms
[2026-09-30T06:51:41.775Z] [log] [Fast Refresh] done in 81ms
[2026-09-30T06:51:41.904Z] [log] [Fast Refresh] done in 81ms
[2026-09-30T06:51:41.905Z] [log] [Fast Refresh] done in 81ms
[2026-09-30T06:51:41.930Z] [log] [Fast Refresh] done in 81ms
[2026-09-30T06:51:41.931Z] [log] [Fast Refresh] done in 81ms
[2026-09-30T06:51:42.098Z] [log] %c%s%c [34mprisma:query[39m background: #e6e6e6;background: light-dark(rgba(0,0,0,0.1), rgba(255,255,255,0.25));color: #000000;color: light-dark(#000000, #ffffff);border-radius: 2px  Server   SELECT "public"."PricingSettings"."id", "public"."PricingSettings"."price", "public"."PricingSettings"."currency", "public"."PricingSettings"."accountHolder", "public"."PricingSettings"."accountNumber", "public"."PricingSettings"."bankName", "public"."PricingSettings"."transferInstructions", "public"."PricingSettings"."createdAt", "public"."PricingSettings"."updatedAt" FROM "public"."PricingSettings" WHERE ("public"."PricingSettings"."id" = $1 AND 1=1) LIMIT $2 OFFSET $3
[2026-09-30T06:51:42.180Z] [log] %c%s%c [34mprisma:query[39m background: #e6e6e6;background: light-dark(rgba(0,0,0,0.1), rgba(255,255,255,0.25));color: #000000;color: light-dark(#000000, #ffffff);border-radius: 2px  Server   SELECT "public"."PricingSettings"."id", "public"."PricingSettings"."price", "public"."PricingSettings"."currency", "public"."PricingSettings"."accountHolder", "public"."PricingSettings"."accountNumber", "public"."PricingSettings"."bankName", "public"."PricingSettings"."transferInstructions", "public"."PricingSettings"."createdAt", "public"."PricingSettings"."updatedAt" FROM "public"."PricingSettings" WHERE ("public"."PricingSettings"."id" = $1 AND 1=1) LIMIT $2 OFFSET $3
[2026-09-30T06:51:42.243Z] [log] [Fast Refresh] rebuilding
[2026-09-30T06:51:42.243Z] [log] [Fast Refresh] rebuilding
[2026-09-30T06:51:42.254Z] [log] [Fast Refresh] done in 100ms
[2026-09-30T06:51:42.254Z] [log] [Fast Refresh] done in 98ms
[2026-09-30T06:51:42.423Z] [log] [Fast Refresh] done in 100ms
[2026-09-30T06:51:42.423Z] [log] [Fast Refresh] done in 98ms
[2026-09-30T06:51:42.485Z] [log] [Fast Refresh] done in 100ms
[2026-09-30T06:51:42.486Z] [log] [Fast Refresh] done in 98ms
[2026-09-30T06:51:42.612Z] [log] %c%s%c [34mprisma:query[39m background: #e6e6e6;background: light-dark(rgba(0,0,0,0.1), rgba(255,255,255,0.25));color: #000000;color: light-dark(#000000, #ffffff);border-radius: 2px  Server   SELECT "public"."PricingSettings"."id", "public"."PricingSettings"."price", "public"."PricingSettings"."currency", "public"."PricingSettings"."accountHolder", "public"."PricingSettings"."accountNumber", "public"."PricingSettings"."bankName", "public"."PricingSettings"."transferInstructions", "public"."PricingSettings"."createdAt", "public"."PricingSettings"."updatedAt" FROM "public"."PricingSettings" WHERE ("public"."PricingSettings"."id" = $1 AND 1=1) LIMIT $2 OFFSET $3
[2026-09-30T06:51:42.667Z] [log] %c%s%c [34mprisma:query[39m background: #e6e6e6;background: light-dark(rgba(0,0,0,0.1), rgba(255,255,255,0.25));color: #000000;color: light-dark(#000000, #ffffff);border-radius: 2px  Server   SELECT "public"."PricingSettings"."id", "public"."PricingSettings"."price", "public"."PricingSettings"."currency", "public"."PricingSettings"."accountHolder", "public"."PricingSettings"."accountNumber", "public"."PricingSettings"."bankName", "public"."PricingSettings"."transferInstructions", "public"."PricingSettings"."createdAt", "public"."PricingSettings"."updatedAt" FROM "public"."PricingSettings" WHERE ("public"."PricingSettings"."id" = $1 AND 1=1) LIMIT $2 OFFSET $3
[2026-09-30T06:51:42.832Z] [log] [Fast Refresh] rebuilding
[2026-09-30T06:51:42.833Z] [log] [Fast Refresh] rebuilding
[2026-09-30T06:51:42.921Z] [log] [Fast Refresh] done in 194ms
[2026-09-30T06:51:42.921Z] [log] [Fast Refresh] done in 194ms
[2026-09-30T06:51:43.084Z] [log] [Fast Refresh] done in 194ms
[2026-09-30T06:51:43.084Z] [log] [Fast Refresh] done in 194ms
[2026-09-30T06:51:43.267Z] [log] [Fast Refresh] done in 194ms
[2026-09-30T06:51:43.269Z] [log] [Fast Refresh] done in 194ms
[2026-09-30T06:51:43.342Z] [log] [Fast Refresh] done in 194ms
[2026-09-30T06:51:43.342Z] [log] [Fast Refresh] done in 194ms
[2026-09-30T06:51:43.429Z] [log] %c%s%c [34mprisma:query[39m background: #e6e6e6;background: light-dark(rgba(0,0,0,0.1), rgba(255,255,255,0.25));color: #000000;color: light-dark(#000000, #ffffff);border-radius: 2px  Server   SELECT "public"."PricingSettings"."id", "public"."PricingSettings"."price", "public"."PricingSettings"."currency", "public"."PricingSettings"."accountHolder", "public"."PricingSettings"."accountNumber", "public"."PricingSettings"."bankName", "public"."PricingSettings"."transferInstructions", "public"."PricingSettings"."createdAt", "public"."PricingSettings"."updatedAt" FROM "public"."PricingSettings" WHERE ("public"."PricingSettings"."id" = $1 AND 1=1) LIMIT $2 OFFSET $3
[2026-09-30T06:51:43.484Z] [log] %c%s%c [34mprisma:query[39m background: #e6e6e6;background: light-dark(rgba(0,0,0,0.1), rgba(255,255,255,0.25));color: #000000;color: light-dark(#000000, #ffffff);border-radius: 2px  Server   SELECT "public"."PricingSettings"."id", "public"."PricingSettings"."price", "public"."PricingSettings"."currency", "public"."PricingSettings"."accountHolder", "public"."PricingSettings"."accountNumber", "public"."PricingSettings"."bankName", "public"."PricingSettings"."transferInstructions", "public"."PricingSettings"."createdAt", "public"."PricingSettings"."updatedAt" FROM "public"."PricingSettings" WHERE ("public"."PricingSettings"."id" = $1 AND 1=1) LIMIT $2 OFFSET $3
[2026-09-30T06:51:43.732Z] [log] %c%s%c [34mprisma:query[39m background: #e6e6e6;background: light-dark(rgba(0,0,0,0.1), rgba(255,255,255,0.25));color: #000000;color: light-dark(#000000, #ffffff);border-radius: 2px  Server   SELECT "public"."PricingSettings"."id", "public"."PricingSettings"."price", "public"."PricingSettings"."currency", "public"."PricingSettings"."accountHolder", "public"."PricingSettings"."accountNumber", "public"."PricingSettings"."bankName", "public"."PricingSettings"."transferInstructions", "public"."PricingSettings"."createdAt", "public"."PricingSettings"."updatedAt" FROM "public"."PricingSettings" WHERE ("public"."PricingSettings"."id" = $1 AND 1=1) LIMIT $2 OFFSET $3
[2026-09-30T06:52:18.521Z] [log] [Fast Refresh] rebuilding
[2026-09-30T06:52:18.521Z] [log] [Fast Refresh] rebuilding
[2026-09-30T06:52:19.012Z] [log] [Fast Refresh] done in 440ms
[2026-09-30T06:52:19.012Z] [log] [Fast Refresh] done in 440ms
[2026-09-30T06:52:19.121Z] [log] [Fast Refresh] done in 440ms
[2026-09-30T06:52:19.121Z] [log] [Fast Refresh] done in 440ms
[2026-09-30T06:52:19.180Z] [log] [Fast Refresh] done in 440ms
[2026-09-30T06:52:19.180Z] [log] [Fast Refresh] done in 440ms
[2026-09-30T06:52:19.421Z] [log] [Fast Refresh] rebuilding
[2026-09-30T06:52:19.421Z] [log] [Fast Refresh] rebuilding
[2026-09-30T06:52:19.564Z] [log] [Fast Refresh] done in 89ms
[2026-09-30T06:52:19.564Z] [log] [Fast Refresh] done in 89ms
[2026-09-30T06:52:22.271Z] [log] %c%s%c [34mprisma:query[39m background: #e6e6e6;background: light-dark(rgba(0,0,0,0.1), rgba(255,255,255,0.25));color: #000000;color: light-dark(#000000, #ffffff);border-radius: 2px  Server   SELECT "public"."PricingSettings"."id", "public"."PricingSettings"."price", "public"."PricingSettings"."currency", "public"."PricingSettings"."accountHolder", "public"."PricingSettings"."accountNumber", "public"."PricingSettings"."bankName", "public"."PricingSettings"."transferInstructions", "public"."PricingSettings"."createdAt", "public"."PricingSettings"."updatedAt" FROM "public"."PricingSettings" WHERE ("public"."PricingSettings"."id" = $1 AND 1=1) LIMIT $2 OFFSET $3
[2026-09-30T06:52:22.288Z] [log] %c%s%c [34mprisma:query[39m background: #e6e6e6;background: light-dark(rgba(0,0,0,0.1), rgba(255,255,255,0.25));color: #000000;color: light-dark(#000000, #ffffff);border-radius: 2px  Server   SELECT "public"."PricingSettings"."id", "public"."PricingSettings"."price", "public"."PricingSettings"."currency", "public"."PricingSettings"."accountHolder", "public"."PricingSettings"."accountNumber", "public"."PricingSettings"."bankName", "public"."PricingSettings"."transferInstructions", "public"."PricingSettings"."createdAt", "public"."PricingSettings"."updatedAt" FROM "public"."PricingSettings" WHERE ("public"."PricingSettings"."id" = $1 AND 1=1) LIMIT $2 OFFSET $3
[2026-09-30T06:52:22.467Z] [log] %c%s%c [34mprisma:query[39m background: #e6e6e6;background: light-dark(rgba(0,0,0,0.1), rgba(255,255,255,0.25));color: #000000;color: light-dark(#000000, #ffffff);border-radius: 2px  Server   SELECT "public"."PricingSettings"."id", "public"."PricingSettings"."price", "public"."PricingSettings"."currency", "public"."PricingSettings"."accountHolder", "public"."PricingSettings"."accountNumber", "public"."PricingSettings"."bankName", "public"."PricingSettings"."transferInstructions", "public"."PricingSettings"."createdAt", "public"."PricingSettings"."updatedAt" FROM "public"."PricingSettings" WHERE ("public"."PricingSettings"."id" = $1 AND 1=1) LIMIT $2 OFFSET $3
[2026-09-30T06:52:23.940Z] [log] %c%s%c [34mprisma:query[39m background: #e6e6e6;background: light-dark(rgba(0,0,0,0.1), rgba(255,255,255,0.25));color: #000000;color: light-dark(#000000, #ffffff);border-radius: 2px  Server   SELECT "public"."PricingSettings"."id", "public"."PricingSettings"."price", "public"."PricingSettings"."currency", "public"."PricingSettings"."accountHolder", "public"."PricingSettings"."accountNumber", "public"."PricingSettings"."bankName", "public"."PricingSettings"."transferInstructions", "public"."PricingSettings"."createdAt", "public"."PricingSettings"."updatedAt" FROM "public"."PricingSettings" WHERE ("public"."PricingSettings"."id" = $1 AND 1=1) LIMIT $2 OFFSET $3
[2026-09-30T06:52:33.258Z] [log] [Fast Refresh] rebuilding
[2026-09-30T06:52:33.258Z] [log] [Fast Refresh] rebuilding
[2026-09-30T06:52:33.336Z] [log] [Fast Refresh] done in 184ms
[2026-09-30T06:52:33.336Z] [log] [Fast Refresh] done in 184ms
[2026-09-30T06:52:33.739Z] [log] [Fast Refresh] rebuilding
[2026-09-30T06:52:33.739Z] [log] [Fast Refresh] rebuilding
[2026-09-30T06:52:33.755Z] [log] [Fast Refresh] done in 122ms
[2026-09-30T06:52:33.755Z] [log] [Fast Refresh] done in 122ms
[2026-09-30T06:53:03.568Z] [log] [Fast Refresh] rebuilding
[2026-09-30T06:53:03.568Z] [log] [Fast Refresh] rebuilding
[2026-09-30T06:53:04.384Z] [log] [Fast Refresh] done in 765ms
[2026-09-30T06:53:04.384Z] [log] [Fast Refresh] done in 765ms
[2026-09-30T06:53:04.647Z] [log] [Fast Refresh] done in 765ms
[2026-09-30T06:53:04.647Z] [log] [Fast Refresh] done in 765ms
[2026-09-30T06:53:21.342Z] [log] %c%s%c [34mprisma:query[39m background: #e6e6e6;background: light-dark(rgba(0,0,0,0.1), rgba(255,255,255,0.25));color: #000000;color: light-dark(#000000, #ffffff);border-radius: 2px  Server   SELECT "public"."PricingSettings"."id", "public"."PricingSettings"."price", "public"."PricingSettings"."currency", "public"."PricingSettings"."accountHolder", "public"."PricingSettings"."accountNumber", "public"."PricingSettings"."bankName", "public"."PricingSettings"."transferInstructions", "public"."PricingSettings"."createdAt", "public"."PricingSettings"."updatedAt" FROM "public"."PricingSettings" WHERE ("public"."PricingSettings"."id" = $1 AND 1=1) LIMIT $2 OFFSET $3
[2026-09-30T06:53:21.374Z] [log] %c%s%c [34mprisma:query[39m background: #e6e6e6;background: light-dark(rgba(0,0,0,0.1), rgba(255,255,255,0.25));color: #000000;color: light-dark(#000000, #ffffff);border-radius: 2px  Server   SELECT "public"."PricingSettings"."id", "public"."PricingSettings"."price", "public"."PricingSettings"."currency", "public"."PricingSettings"."accountHolder", "public"."PricingSettings"."accountNumber", "public"."PricingSettings"."bankName", "public"."PricingSettings"."transferInstructions", "public"."PricingSettings"."createdAt", "public"."PricingSettings"."updatedAt" FROM "public"."PricingSettings" WHERE ("public"."PricingSettings"."id" = $1 AND 1=1) LIMIT $2 OFFSET $3
[2026-09-30T06:53:28.796Z] [log] [Fast Refresh] rebuilding
[2026-09-30T06:53:28.796Z] [log] [Fast Refresh] rebuilding
[2026-09-30T06:53:29.483Z] [log] [Fast Refresh] done in 884ms
[2026-09-30T06:53:29.483Z] [log] [Fast Refresh] done in 884ms
[2026-09-30T06:53:29.585Z] [log] [Fast Refresh] done in 884ms
[2026-09-30T06:53:29.586Z] [log] [Fast Refresh] done in 884ms
[2026-09-30T06:53:29.846Z] [log] [Fast Refresh] done in 884ms
[2026-09-30T06:53:29.846Z] [log] [Fast Refresh] done in 884ms
[2026-09-30T06:53:30.021Z] [log] %c%s%c [34mprisma:query[39m background: #e6e6e6;background: light-dark(rgba(0,0,0,0.1), rgba(255,255,255,0.25));color: #000000;color: light-dark(#000000, #ffffff);border-radius: 2px  Server   SELECT "public"."PricingSettings"."id", "public"."PricingSettings"."price", "public"."PricingSettings"."currency", "public"."PricingSettings"."accountHolder", "public"."PricingSettings"."accountNumber", "public"."PricingSettings"."bankName", "public"."PricingSettings"."transferInstructions", "public"."PricingSettings"."createdAt", "public"."PricingSettings"."updatedAt" FROM "public"."PricingSettings" WHERE ("public"."PricingSettings"."id" = $1 AND 1=1) LIMIT $2 OFFSET $3
[2026-09-30T06:53:30.191Z] [log] [Fast Refresh] done in 884ms
[2026-09-30T06:53:30.191Z] [log] [Fast Refresh] done in 884ms
[2026-09-30T06:53:30.481Z] [log] [Fast Refresh] done in 884ms
[2026-09-30T06:53:30.481Z] [log] [Fast Refresh] done in 884ms
[2026-09-30T06:53:30.622Z] [log] %c%s%c [34mprisma:query[39m background: #e6e6e6;background: light-dark(rgba(0,0,0,0.1), rgba(255,255,255,0.25));color: #000000;color: light-dark(#000000, #ffffff);border-radius: 2px  Server   SELECT "public"."PricingSettings"."id", "public"."PricingSettings"."price", "public"."PricingSettings"."currency", "public"."PricingSettings"."accountHolder", "public"."PricingSettings"."accountNumber", "public"."PricingSettings"."bankName", "public"."PricingSettings"."transferInstructions", "public"."PricingSettings"."createdAt", "public"."PricingSettings"."updatedAt" FROM "public"."PricingSettings" WHERE ("public"."PricingSettings"."id" = $1 AND 1=1) LIMIT $2 OFFSET $3
[2026-09-30T06:53:31.296Z] [log] %c%s%c [34mprisma:query[39m background: #e6e6e6;background: light-dark(rgba(0,0,0,0.1), rgba(255,255,255,0.25));color: #000000;color: light-dark(#000000, #ffffff);border-radius: 2px  Server   SELECT "public"."PricingSettings"."id", "public"."PricingSettings"."price", "public"."PricingSettings"."currency", "public"."PricingSettings"."accountHolder", "public"."PricingSettings"."accountNumber", "public"."PricingSettings"."bankName", "public"."PricingSettings"."transferInstructions", "public"."PricingSettings"."createdAt", "public"."PricingSettings"."updatedAt" FROM "public"."PricingSettings" WHERE ("public"."PricingSettings"."id" = $1 AND 1=1) LIMIT $2 OFFSET $3
[2026-09-30T06:53:33.653Z] [log] %c%s%c [34mprisma:query[39m background: #e6e6e6;background: light-dark(rgba(0,0,0,0.1), rgba(255,255,255,0.25));color: #000000;color: light-dark(#000000, #ffffff);border-radius: 2px  Server   SELECT "public"."PricingSettings"."id", "public"."PricingSettings"."price", "public"."PricingSettings"."currency", "public"."PricingSettings"."accountHolder", "public"."PricingSettings"."accountNumber", "public"."PricingSettings"."bankName", "public"."PricingSettings"."transferInstructions", "public"."PricingSettings"."createdAt", "public"."PricingSettings"."updatedAt" FROM "public"."PricingSettings" WHERE ("public"."PricingSettings"."id" = $1 AND 1=1) LIMIT $2 OFFSET $3
[2026-09-30T06:54:45.441Z] [log] [Fast Refresh] rebuilding
[2026-09-30T06:54:45.441Z] [log] [Fast Refresh] rebuilding
[2026-09-30T06:54:45.453Z] [log] [Fast Refresh] done in 119ms
[2026-09-30T06:54:45.453Z] [log] [Fast Refresh] done in 119ms
[2026-09-30T07:06:04.462Z] [log] [Fast Refresh] rebuilding
[2026-09-30T07:06:04.463Z] [log] [Fast Refresh] rebuilding
[2026-09-30T07:06:06.436Z] [log] [Fast Refresh] done in 1264ms
[2026-09-30T07:06:06.437Z] [log] [Fast Refresh] done in 1262ms
[2026-09-30T07:06:06.964Z] [log] [Fast Refresh] rebuilding
[2026-09-30T07:06:06.965Z] [log] [Fast Refresh] rebuilding
[2026-09-30T07:06:07.024Z] [log] [Fast Refresh] done in 120ms
[2026-09-30T07:06:07.024Z] [log] [Fast Refresh] done in 120ms
[2026-09-30T07:06:15.967Z] [log] %c%s%c [34mprisma:query[39m background: #e6e6e6;background: light-dark(rgba(0,0,0,0.1), rgba(255,255,255,0.25));color: #000000;color: light-dark(#000000, #ffffff);border-radius: 2px  Server   SELECT "public"."PricingSettings"."id", "public"."PricingSettings"."price", "public"."PricingSettings"."currency", "public"."PricingSettings"."accountHolder", "public"."PricingSettings"."accountNumber", "public"."PricingSettings"."bankName", "public"."PricingSettings"."transferInstructions", "public"."PricingSettings"."createdAt", "public"."PricingSettings"."updatedAt" FROM "public"."PricingSettings" WHERE ("public"."PricingSettings"."id" = $1 AND 1=1) LIMIT $2 OFFSET $3
[2026-09-30T07:06:16.092Z] [log] %c%s%c [34mprisma:query[39m background: #e6e6e6;background: light-dark(rgba(0,0,0,0.1), rgba(255,255,255,0.25));color: #000000;color: light-dark(#000000, #ffffff);border-radius: 2px  Server   SELECT "public"."PricingSettings"."id", "public"."PricingSettings"."price", "public"."PricingSettings"."currency", "public"."PricingSettings"."accountHolder", "public"."PricingSettings"."accountNumber", "public"."PricingSettings"."bankName", "public"."PricingSettings"."transferInstructions", "public"."PricingSettings"."createdAt", "public"."PricingSettings"."updatedAt" FROM "public"."PricingSettings" WHERE ("public"."PricingSettings"."id" = $1 AND 1=1) LIMIT $2 OFFSET $3
[2026-09-30T07:07:10.657Z] [log] [Fast Refresh] rebuilding
[2026-09-30T07:07:10.657Z] [log] [Fast Refresh] rebuilding
[2026-09-30T07:07:10.751Z] [log] [Fast Refresh] done in 199ms
[2026-09-30T07:07:10.751Z] [log] [Fast Refresh] done in 199ms
