[2026-09-30T06:27:41.035Z] GET http://localhost:3000/ → pending (?ms, ?B)
[2026-09-30T06:27:45.378Z] GET http://localhost:3000/_next/static/chunks/app_globals_0yg4wg8.css → 200 (102ms, 34176B)
[2026-09-30T06:27:45.378Z] GET http://localhost:3000/_next/static/chunks/%5Bturbopack%5D_browser_dev_hmr-client_hmr-client_ts_0tyb8cx._.js → 200 (102ms, 594B)
[2026-09-30T06:27:45.378Z] GET http://localhost:3000/_next/static/chunks/0qqz_next_dist_compiled_next-devtools_index_1-ygaiw.js → 200 (440ms, 250269B)
[2026-09-30T06:27:45.378Z] GET http://localhost:3000/_next/static/chunks/0qqz_next_dist_compiled_react-dom_16dtbru._.js → 200 (384ms, 185069B)
[2026-09-30T06:27:45.379Z] GET http://localhost:3000/_next/static/chunks/0qqz_next_dist_compiled_react-server-dom-turbopack_167ekyq._.js → 200 (113ms, 32447B)
[2026-09-30T06:27:45.379Z] GET http://localhost:3000/_next/static/chunks/0qqz_next_dist_compiled_05ngfts._.js → 200 (235ms, 27257B)
[2026-09-30T06:27:45.379Z] GET http://localhost:3000/_next/static/chunks/0qqz_next_dist_client_17-f8z9._.js → 200 (375ms, 196480B)
[2026-09-30T06:27:45.379Z] GET http://localhost:3000/_next/static/chunks/0qqz_next_dist_0jtsec6._.js → 200 (528ms, 53132B)
[2026-09-30T06:27:45.379Z] GET http://localhost:3000/_next/static/chunks/0zix_%40swc_helpers_cjs_0hi-e47._.js → 200 (272ms, 777B)
[2026-09-30T06:27:45.380Z] GET http://localhost:3000/_next/static/chunks/_1anvha4._.js → 200 (255ms, 778B)
[2026-09-30T06:27:45.380Z] GET http://localhost:3000/_next/static/chunks/turbopack-_0xuj8sx._.js → 200 (367ms, 26169B)
[2026-09-30T06:27:45.380Z] GET http://localhost:3000/_next/static/chunks/_1mcqv2h._.js → 200 (296ms, 399B)
[2026-09-30T06:27:45.380Z] GET http://localhost:3000/_next/static/chunks/node_modules__pnpm_01081yp._.js → 200 (388ms, 39590B)
[2026-09-30T06:27:45.380Z] GET http://localhost:3000/_next/static/chunks/components_ui_sonner_tsx_1z_5prk._.js → 200 (387ms, 1617B)
[2026-09-30T06:27:45.380Z] GET http://localhost:3000/_next/static/chunks/node_modules__pnpm_0k4nsmg._.js → 200 (418ms, 21477B)
[2026-09-30T06:27:45.989Z] GET http://localhost:3000/_next/static/chunks/%5Bturbopack%5D_browser_dev_hmr-client_hmr-client_ts_1mojsay._.js → 200 (19ms, 3893B)
[2026-09-30T06:30:57.150Z] GET http://localhost:3000/ → pending (?ms, ?B)
[2026-09-30T06:31:00.249Z] GET http://localhost:3000/_next/static/chunks/app_globals_0yg4wg8.css → 200 (?ms, ?B)
[2026-09-30T06:31:00.249Z] GET http://localhost:3000/_next/static/chunks/%5Bturbopack%5D_browser_dev_hmr-client_hmr-client_ts_0tyb8cx._.js → 200 (19ms, ?B)
[2026-09-30T06:31:00.249Z] GET http://localhost:3000/_next/static/chunks/0qqz_next_dist_compiled_next-devtools_index_1-ygaiw.js → 200 (120ms, ?B)
[2026-09-30T06:31:00.249Z] GET http://localhost:3000/_next/static/chunks/0qqz_next_dist_compiled_react-dom_16dtbru._.js → 200 (125ms, ?B)
[2026-09-30T06:31:00.249Z] GET http://localhost:3000/_next/static/chunks/0qqz_next_dist_compiled_react-server-dom-turbopack_167ekyq._.js → 200 (119ms, ?B)
[2026-09-30T06:31:00.249Z] GET http://localhost:3000/_next/static/chunks/0qqz_next_dist_compiled_05ngfts._.js → 200 (120ms, ?B)
[2026-09-30T06:31:00.249Z] GET http://localhost:3000/_next/static/chunks/0qqz_next_dist_client_17-f8z9._.js → 200 (125ms, ?B)
[2026-09-30T06:31:00.249Z] GET http://localhost:3000/_next/static/chunks/0qqz_next_dist_0jtsec6._.js → 200 (122ms, ?B)
[2026-09-30T06:31:00.249Z] GET http://localhost:3000/_next/static/chunks/0zix_%40swc_helpers_cjs_0hi-e47._.js → 200 (122ms, ?B)
[2026-09-30T06:31:00.249Z] GET http://localhost:3000/_next/static/chunks/_1anvha4._.js → 200 (122ms, ?B)
[2026-09-30T06:31:00.249Z] GET http://localhost:3000/_next/static/chunks/turbopack-_0xuj8sx._.js → 200 (123ms, ?B)
[2026-09-30T06:31:00.249Z] GET http://localhost:3000/_next/static/chunks/_1mcqv2h._.js → 200 (122ms, ?B)
[2026-09-30T06:31:00.249Z] GET http://localhost:3000/_next/static/chunks/node_modules__pnpm_01081yp._.js → 200 (125ms, ?B)
[2026-09-30T06:31:00.249Z] GET http://localhost:3000/_next/static/chunks/components_ui_sonner_tsx_1z_5prk._.js → 200 (122ms, ?B)
[2026-09-30T06:31:00.249Z] GET http://localhost:3000/_next/static/chunks/node_modules__pnpm_0k4nsmg._.js → 200 (125ms, ?B)
[2026-09-30T06:31:00.512Z] GET http://localhost:3000/_next/static/chunks/%5Bturbopack%5D_browser_dev_hmr-client_hmr-client_ts_1mojsay._.js → 200 (1ms, ?B)
[2026-09-30T06:31:13.845Z] GET http://localhost:3000/__nextjs_font/geist-latin.woff2 → 200 (44ms, 28369B)
[2026-09-30T06:31:13.845Z] GET http://localhost:3000/__nextjs_font/geist-latin.woff2 → 200 (44ms, -134B)
[2026-09-30T06:33:16.651Z] GET http://localhost:8400/detect.js → 200 (36ms, 2218045B)
[2026-09-30T06:51:17.853Z] GET http://localhost:3000/?_rsc=i7H2zfRJZqVPlji6 → pending (?ms, ?B)
[2026-09-30T06:51:17.856Z] GET http://localhost:3000/?_rsc=i7H2zfRJZqVPlji6 → pending (?ms, ?B)
[2026-09-30T06:51:28.400Z] GET http://localhost:3000/?_rsc=i7H2zfRJZqVPlji6 → 200 (335ms, ?B)
[2026-09-30T06:51:28.400Z] GET http://localhost:3000/?_rsc=i7H2zfRJZqVPlji6 → 200 (119ms, ?B)
[2026-09-30T06:51:29.270Z] GET http://localhost:3000/?_rsc=i7H2zfRJZqVPlji6 → 200 (527ms, ?B)
[2026-09-30T06:51:29.270Z] GET http://localhost:3000/?_rsc=i7H2zfRJZqVPlji6 → 200 (128ms, ?B)
[2026-09-30T06:51:29.831Z] GET http://localhost:3000/?_rsc=i7H2zfRJZqVPlji6 → pending (?ms, ?B)
[2026-09-30T06:51:29.831Z] GET http://localhost:3000/?_rsc=i7H2zfRJZqVPlji6 → 200 (157ms, ?B)
[2026-09-30T06:51:30.434Z] GET http://localhost:3000/?_rsc=i7H2zfRJZqVPlji6 → pending (?ms, ?B)
[2026-09-30T06:51:30.434Z] GET http://localhost:3000/?_rsc=i7H2zfRJZqVPlji6 → 200 (163ms, ?B)
[2026-09-30T06:51:38.692Z] GET http://localhost:3000/?_rsc=i7H2zfRJZqVPlji6 → 200 (289ms, ?B)
[2026-09-30T06:51:38.692Z] GET http://localhost:3000/?_rsc=i7H2zfRJZqVPlji6 → 200 (99ms, 13097B)
[2026-09-30T06:51:40.532Z] GET http://localhost:3000/?_rsc=i7H2zfRJZqVPlji6 → 200 (137ms, ?B)
[2026-09-30T06:51:40.532Z] GET http://localhost:3000/?_rsc=i7H2zfRJZqVPlji6 → 200 (74ms, ?B)
[2026-09-30T06:51:41.218Z] GET http://localhost:3000/?_rsc=i7H2zfRJZqVPlji6 → pending (?ms, ?B)
[2026-09-30T06:51:41.218Z] GET http://localhost:3000/?_rsc=i7H2zfRJZqVPlji6 → pending (?ms, ?B)
[2026-09-30T06:51:41.706Z] GET http://localhost:3000/?_rsc=i7H2zfRJZqVPlji6 → 200 (144ms, ?B)
[2026-09-30T06:51:41.706Z] GET http://localhost:3000/?_rsc=i7H2zfRJZqVPlji6 → 200 (38ms, 13096B)
[2026-09-30T06:51:42.245Z] GET http://localhost:3000/?_rsc=i7H2zfRJZqVPlji6 → pending (?ms, ?B)
[2026-09-30T06:51:42.245Z] GET http://localhost:3000/?_rsc=i7H2zfRJZqVPlji6 → pending (?ms, ?B)
[2026-09-30T06:51:42.920Z] GET http://localhost:3000/?_rsc=i7H2zfRJZqVPlji6 → pending (?ms, ?B)
[2026-09-30T06:51:42.920Z] GET http://localhost:3000/?_rsc=i7H2zfRJZqVPlji6 → 200 (91ms, ?B)
[2026-09-30T06:52:18.856Z] GET http://localhost:3000/?_rsc=i7H2zfRJZqVPlji6 → 200 (312ms, ?B)
[2026-09-30T06:52:18.856Z] GET http://localhost:3000/?_rsc=i7H2zfRJZqVPlji6 → 200 (147ms, ?B)
[2026-09-30T06:52:19.423Z] GET http://localhost:3000/?_rsc=i7H2zfRJZqVPlji6 → pending (?ms, ?B)
[2026-09-30T06:52:19.424Z] GET http://localhost:3000/?_rsc=i7H2zfRJZqVPlji6 → 200 (82ms, ?B)
[2026-09-30T06:53:04.236Z] GET http://localhost:3000/?_rsc=i7H2zfRJZqVPlji6 → 200 (279ms, ?B)
[2026-09-30T06:53:04.237Z] GET http://localhost:3000/?_rsc=i7H2zfRJZqVPlji6 → 200 (125ms, ?B)
[2026-09-30T06:53:29.184Z] GET http://localhost:3000/?_rsc=i7H2zfRJZqVPlji6 → pending (?ms, ?B)
[2026-09-30T06:53:29.184Z] GET http://localhost:3000/?_rsc=i7H2zfRJZqVPlji6 → 200 (188ms, ?B)
[2026-09-30T06:53:29.438Z] GET http://localhost:3000/?_rsc=i7H2zfRJZqVPlji6 → pending (?ms, ?B)
[2026-09-30T06:53:29.438Z] GET http://localhost:3000/?_rsc=i7H2zfRJZqVPlji6 → pending (?ms, ?B)
[2026-09-30T07:06:05.284Z] GET http://localhost:3000/_next/static/chunks/app_globals_0yg4wg8.css → 200 (97ms, ?B)
[2026-09-30T07:06:05.284Z] GET http://localhost:3000/_next/static/chunks/app_globals_0yg4wg8.css → 200 (71ms, 34106B)
[2026-09-30T07:06:05.586Z] GET http://localhost:3000/_next/static/chunks/app_globals_0yg4wg8.css → 200 (31ms, 34110B)
[2026-09-30T07:06:05.588Z] GET http://localhost:3000/_next/static/chunks/app_globals_0yg4wg8.css → 200 (24ms, 34110B)
[2026-09-30T07:06:07.022Z] GET http://localhost:3000/?_rsc=i7H2zfRJZqVPlji6 → pending (?ms, ?B)
[2026-09-30T07:06:07.023Z] GET http://localhost:3000/?_rsc=i7H2zfRJZqVPlji6 → pending (?ms, ?B)
